[INFO] Scanning for projects...
[INFO] 
[INFO] ------------------< com.team7:knowledge_gap_platform >------------------
[INFO] Building knowledge_gap_platform 0.0.1-SNAPSHOT
[INFO]   from pom.xml
[INFO] --------------------------------[ jar ]---------------------------------
[INFO] 
[INFO] >>> spring-boot:4.1.0:run (default-cli) > test-compile @ knowledge_gap_platform >>>
[INFO] 
[INFO] --- resources:3.5.0:resources (default-resources) @ knowledge_gap_platform ---
[INFO] Copying 1 resource from src\main\resources to target\classes
[INFO] Copying 0 resource from src\main\resources to target\classes
[INFO] 
[INFO] --- compiler:3.15.0:compile (default-compile) @ knowledge_gap_platform ---
[INFO] Nothing to compile - all classes are up to date.
[INFO] 
[INFO] --- resources:3.5.0:testResources (default-testResources) @ knowledge_gap_platform ---
[INFO] skip non existing resourceDirectory C:\Users\kripa\OneDrive\Desktop\Organizational-knowledge-platform\Backend\src\test\resources
[INFO] 
[INFO] --- compiler:3.15.0:testCompile (default-testCompile) @ knowledge_gap_platform ---
[INFO] Nothing to compile - all classes are up to date.
[INFO] 
[INFO] <<< spring-boot:4.1.0:run (default-cli) < test-compile @ knowledge_gap_platform <<<
[INFO] 
[INFO] 
[INFO] --- spring-boot:4.1.0:run (default-cli) @ knowledge_gap_platform ---
[INFO] Attaching agents: []

  .   ____          _            __ _ _
 /\\ / ___'_ __ _ _(_)_ __  __ _ \ \ \ \
( ( )\___ | '_ | '_| | '_ \/ _` | \ \ \ \
 \\/  ___)| |_)| | | | | || (_| |  ) ) ) )
  '  |____| .__|_| |_|_| |_\__, | / / / /
 =========|_|==============|___/=/_/_/_/

 :: Spring Boot ::                (v4.1.0)

2026-08-10T17:42:33.650+05:30  INFO 21436 --- [knowledge-gap-platform] [  restartedMain] c.t.k.KnowledgeGapPlatformApplication    : Starting KnowledgeGapPlatformApplication using Java 21.0.9 with PID 21436 (C:\Users\kripa\OneDrive\Desktop\Organizational-knowledge-platform\Backend\target\classes started by kripa in C:\Users\kripa\OneDrive\Desktop\Organizational-knowledge-platform\Backend)
2026-08-10T17:42:33.654+05:30  INFO 21436 --- [knowledge-gap-platform] [  restartedMain] c.t.k.KnowledgeGapPlatformApplication    : No active profile set, falling back to 1 default profile: "default"
2026-08-10T17:42:33.708+05:30  INFO 21436 --- [knowledge-gap-platform] [  restartedMain] .e.DevToolsPropertyDefaultsPostProcessor : Devtools property defaults active! Set 'spring.devtools.add-properties' to 'false' to disable
2026-08-10T17:42:33.708+05:30  INFO 21436 --- [knowledge-gap-platform] [  restartedMain] .e.DevToolsPropertyDefaultsPostProcessor : For additional web related logging consider setting the 'logging.level.web' property to 'DEBUG'
2026-08-10T17:42:34.601+05:30  INFO 21436 --- [knowledge-gap-platform] [  restartedMain] .s.d.r.c.RepositoryConfigurationDelegate : Bootstrapping Spring Data JPA repositories in DEFAULT mode.
2026-08-10T17:42:34.708+05:30  INFO 21436 --- [knowledge-gap-platform] [  restartedMain] .s.d.r.c.RepositoryConfigurationDelegate : Finished Spring Data repository scanning in 91 ms. Found 11 JPA repository interfaces.
2026-08-10T17:42:35.573+05:30  INFO 21436 --- [knowledge-gap-platform] [  restartedMain] o.s.boot.tomcat.TomcatWebServer          : Tomcat initialized with port 8082 (http)
2026-08-10T17:42:35.594+05:30  INFO 21436 --- [knowledge-gap-platform] [  restartedMain] o.apache.catalina.core.StandardService   : Starting service [Tomcat]
2026-08-10T17:42:35.595+05:30  INFO 21436 --- [knowledge-gap-platform] [  restartedMain] o.apache.catalina.core.StandardEngine    : Starting Servlet engine: [Apache Tomcat/11.0.22]
2026-08-10T17:42:35.642+05:30  INFO 21436 --- [knowledge-gap-platform] [  restartedMain] b.w.c.s.WebApplicationContextInitializer : Root WebApplicationContext: initialization completed in 1933 ms
2026-08-10T17:42:35.906+05:30  INFO 21436 --- [knowledge-gap-platform] [  restartedMain] org.hibernate.orm.jpa                    : HHH008540: Processing PersistenceUnitInfo [name: default]
2026-08-10T17:42:36.024+05:30  INFO 21436 --- [knowledge-gap-platform] [  restartedMain] org.hibernate.orm.core                   : HHH000001: Hibernate ORM core version 7.4.1.Final
2026-08-10T17:42:36.843+05:30  INFO 21436 --- [knowledge-gap-platform] [  restartedMain] o.s.o.j.p.SpringPersistenceUnitInfo      : No LoadTimeWeaver setup: ignoring JPA class transformer
2026-08-10T17:42:36.904+05:30  INFO 21436 --- [knowledge-gap-platform] [  restartedMain] com.zaxxer.hikari.HikariDataSource       : HikariPool-1 - Starting...
2026-08-10T17:42:37.211+05:30  INFO 21436 --- [knowledge-gap-platform] [  restartedMain] com.zaxxer.hikari.pool.HikariPool        : HikariPool-1 - Added connection org.postgresql.jdbc.PgConnection@60e3a20f
2026-08-10T17:42:37.215+05:30  INFO 21436 --- [knowledge-gap-platform] [  restartedMain] com.zaxxer.hikari.HikariDataSource       : HikariPool-1 - Start completed.
2026-08-10T17:42:37.269+05:30  WARN 21436 --- [knowledge-gap-platform] [  restartedMain] org.hibernate.orm.deprecation            : HHH90000025: PostgreSQLDialect does not need to be specified explicitly using 'hibernate.dialect' (remove the property setting and it will be selected by default)
2026-08-10T17:42:37.308+05:30  INFO 21436 --- [knowledge-gap-platform] [  restartedMain] org.hibernate.orm.connections.pooling    : HHH10001005: Database info:
	Database JDBC URL [jdbc:postgresql://localhost:5432/knowledge_gap]
	Database driver: PostgreSQL JDBC Driver
	Database dialect: PostgreSQLDialect
	Database version: 17.10
	Default catalog/schema: knowledge_gap/public
	Autocommit mode: undefined/unknown
	Isolation level: READ_COMMITTED [default READ_COMMITTED]
	JDBC fetch size: none
	Pool: DataSourceConnectionProvider
	Minimum pool size: undefined/unknown
	Maximum pool size: undefined/unknown
2026-08-10T17:42:38.541+05:30  INFO 21436 --- [knowledge-gap-platform] [  restartedMain] org.hibernate.orm.core                   : HHH000489: No JTA platform available (set 'hibernate.transaction.jta.platform' to enable JTA platform integration)
2026-08-10T17:42:38.590+05:30  INFO 21436 --- [knowledge-gap-platform] [  restartedMain] j.LocalContainerEntityManagerFactoryBean : Initialized JPA EntityManagerFactory for persistence unit 'default'
2026-08-10T17:42:38.642+05:30  INFO 21436 --- [knowledge-gap-platform] [  restartedMain] o.s.d.j.r.query.QueryEnhancerFactories   : Hibernate is in classpath; If applicable, HQL parser will be used.
2026-08-10T17:42:39.048+05:30  INFO 21436 --- [knowledge-gap-platform] [  restartedMain] eAuthenticationProviderManagerConfigurer : Global AuthenticationManager configured with AuthenticationProvider bean with name authenticationProvider
2026-08-10T17:42:39.048+05:30  WARN 21436 --- [knowledge-gap-platform] [  restartedMain] r$InitializeUserDetailsManagerConfigurer : Global AuthenticationManager configured with an AuthenticationProvider bean. UserDetailsService beans will not be used by Spring Security for automatically configuring username/password login. Consider removing the AuthenticationProvider bean. Alternatively, consider using the UserDetailsService in a manually instantiated DaoAuthenticationProvider. If the current configuration is intentional, to turn off this warning, increase the logging level of 'org.springframework.security.config.annotation.authentication.configuration.InitializeUserDetailsBeanManagerConfigurer' to ERROR
2026-08-10T17:42:39.144+05:30  WARN 21436 --- [knowledge-gap-platform] [  restartedMain] JpaBaseConfiguration$JpaWebConfiguration : spring.jpa.open-in-view is enabled by default. Therefore, database queries may be performed during view rendering. Explicitly configure spring.jpa.open-in-view to disable this warning
2026-08-10T17:42:39.574+05:30  WARN 21436 --- [knowledge-gap-platform] [  restartedMain] ConfigServletWebServerApplicationContext : Exception encountered during context initialization - cancelling refresh attempt: org.springframework.context.ApplicationContextException: Failed to start bean 'webServerStartStop'
2026-08-10T17:42:39.576+05:30  INFO 21436 --- [knowledge-gap-platform] [  restartedMain] j.LocalContainerEntityManagerFactoryBean : Closing JPA EntityManagerFactory for persistence unit 'default'
2026-08-10T17:42:39.579+05:30  INFO 21436 --- [knowledge-gap-platform] [  restartedMain] com.zaxxer.hikari.HikariDataSource       : HikariPool-1 - Shutdown initiated...
2026-08-10T17:42:39.585+05:30  INFO 21436 --- [knowledge-gap-platform] [  restartedMain] com.zaxxer.hikari.HikariDataSource       : HikariPool-1 - Shutdown completed.
2026-08-10T17:42:39.602+05:30  INFO 21436 --- [knowledge-gap-platform] [  restartedMain] .s.b.a.l.ConditionEvaluationReportLogger : 

Error starting ApplicationContext. To display the condition evaluation report re-run your application with 'debug' enabled.
2026-08-10T17:42:39.615+05:30 ERROR 21436 --- [knowledge-gap-platform] [  restartedMain] o.s.b.d.LoggingFailureAnalysisReporter   : 

***************************
APPLICATION FAILED TO START
***************************

Description:

Web server failed to start. Port 8082 was already in use.

Action:

Identify and stop the process that's listening on port 8082 or configure this application to listen on another port.

[INFO] ------------------------------------------------------------------------
[INFO] BUILD SUCCESS
[INFO] ------------------------------------------------------------------------
[INFO] Total time:  11.462 s
[INFO] Finished at: 2026-08-10T17:42:40+05:30
[INFO] ------------------------------------------------------------------------
