[INFO] Scanning for projects...
[INFO] 
[INFO] ------------------< com.team7:knowledge_gap_platform >------------------
[INFO] Building knowledge_gap_platform 0.0.1-SNAPSHOT
[INFO]   from pom.xml
[INFO] --------------------------------[ jar ]---------------------------------
[INFO] 
[INFO] >>> spring-boot:4.1.0:run (default-cli) > test-compile @ knowledge_gap_platform >>>
[INFO] 
[INFO] --- resources:3.5.0:resources (default-resources) @ knowledge_gap_platform ---
[INFO] Copying 1 resource from src\main\resources to target\classes
[INFO] Copying 0 resource from src\main\resources to target\classes
[INFO] 
[INFO] --- compiler:3.15.0:compile (default-compile) @ knowledge_gap_platform ---
[INFO] Nothing to compile - all classes are up to date.
[INFO] 
[INFO] --- resources:3.5.0:testResources (default-testResources) @ knowledge_gap_platform ---
[INFO] skip non existing resourceDirectory C:\Users\kripa\OneDrive\Desktop\Organizational-knowledge-platform\Backend\src\test\resources
[INFO] 
[INFO] --- compiler:3.15.0:testCompile (default-testCompile) @ knowledge_gap_platform ---
[INFO] Nothing to compile - all classes are up to date.
[INFO] 
[INFO] <<< spring-boot:4.1.0:run (default-cli) < test-compile @ knowledge_gap_platform <<<
[INFO] 
[INFO] 
[INFO] --- spring-boot:4.1.0:run (default-cli) @ knowledge_gap_platform ---
[INFO] Attaching agents: []

  .   ____          _            __ _ _
 /\\ / ___'_ __ _ _(_)_ __  __ _ \ \ \ \
( ( )\___ | '_ | '_| | '_ \/ _` | \ \ \ \
 \\/  ___)| |_)| | | | | || (_| |  ) ) ) )
  '  |____| .__|_| |_|_| |_\__, | / / / /
 =========|_|==============|___/=/_/_/_/

 :: Spring Boot ::                (v4.1.0)

2026-08-10T18:21:04.246+05:30  INFO 25156 --- [knowledge-gap-platform] [  restartedMain] c.t.k.KnowledgeGapPlatformApplication    : Starting KnowledgeGapPlatformApplication using Java 21.0.9 with PID 25156 (C:\Users\kripa\OneDrive\Desktop\Organizational-knowledge-platform\Backend\target\classes started by kripa in C:\Users\kripa\OneDrive\Desktop\Organizational-knowledge-platform\Backend)
2026-08-10T18:21:04.250+05:30  INFO 25156 --- [knowledge-gap-platform] [  restartedMain] c.t.k.KnowledgeGapPlatformApplication    : No active profile set, falling back to 1 default profile: "default"
2026-08-10T18:21:04.317+05:30  INFO 25156 --- [knowledge-gap-platform] [  restartedMain] .e.DevToolsPropertyDefaultsPostProcessor : Devtools property defaults active! Set 'spring.devtools.add-properties' to 'false' to disable
2026-08-10T18:21:04.317+05:30  INFO 25156 --- [knowledge-gap-platform] [  restartedMain] .e.DevToolsPropertyDefaultsPostProcessor : For additional web related logging consider setting the 'logging.level.web' property to 'DEBUG'
2026-08-10T18:21:05.175+05:30  INFO 25156 --- [knowledge-gap-platform] [  restartedMain] .s.d.r.c.RepositoryConfigurationDelegate : Bootstrapping Spring Data JPA repositories in DEFAULT mode.
2026-08-10T18:21:05.269+05:30  INFO 25156 --- [knowledge-gap-platform] [  restartedMain] .s.d.r.c.RepositoryConfigurationDelegate : Finished Spring Data repository scanning in 82 ms. Found 11 JPA repository interfaces.
2026-08-10T18:21:05.941+05:30  INFO 25156 --- [knowledge-gap-platform] [  restartedMain] o.s.boot.tomcat.TomcatWebServer          : Tomcat initialized with port 8088 (http)
2026-08-10T18:21:05.965+05:30  INFO 25156 --- [knowledge-gap-platform] [  restartedMain] o.apache.catalina.core.StandardService   : Starting service [Tomcat]
2026-08-10T18:21:05.965+05:30  INFO 25156 --- [knowledge-gap-platform] [  restartedMain] o.apache.catalina.core.StandardEngine    : Starting Servlet engine: [Apache Tomcat/11.0.22]
2026-08-10T18:21:06.016+05:30  INFO 25156 --- [knowledge-gap-platform] [  restartedMain] b.w.c.s.WebApplicationContextInitializer : Root WebApplicationContext: initialization completed in 1698 ms
2026-08-10T18:21:06.189+05:30  INFO 25156 --- [knowledge-gap-platform] [  restartedMain] org.hibernate.orm.jpa                    : HHH008540: Processing PersistenceUnitInfo [name: default]
2026-08-10T18:21:06.247+05:30  INFO 25156 --- [knowledge-gap-platform] [  restartedMain] org.hibernate.orm.core                   : HHH000001: Hibernate ORM core version 7.4.1.Final
2026-08-10T18:21:06.766+05:30  INFO 25156 --- [knowledge-gap-platform] [  restartedMain] o.s.o.j.p.SpringPersistenceUnitInfo      : No LoadTimeWeaver setup: ignoring JPA class transformer
2026-08-10T18:21:06.805+05:30  INFO 25156 --- [knowledge-gap-platform] [  restartedMain] com.zaxxer.hikari.HikariDataSource       : HikariPool-1 - Starting...
2026-08-10T18:21:07.020+05:30  INFO 25156 --- [knowledge-gap-platform] [  restartedMain] com.zaxxer.hikari.pool.HikariPool        : HikariPool-1 - Added connection org.postgresql.jdbc.PgConnection@5e7a18d9
2026-08-10T18:21:07.022+05:30  INFO 25156 --- [knowledge-gap-platform] [  restartedMain] com.zaxxer.hikari.HikariDataSource       : HikariPool-1 - Start completed.
2026-08-10T18:21:07.060+05:30  WARN 25156 --- [knowledge-gap-platform] [  restartedMain] org.hibernate.orm.deprecation            : HHH90000025: PostgreSQLDialect does not need to be specified explicitly using 'hibernate.dialect' (remove the property setting and it will be selected by default)
2026-08-10T18:21:07.087+05:30  INFO 25156 --- [knowledge-gap-platform] [  restartedMain] org.hibernate.orm.connections.pooling    : HHH10001005: Database info:
	Database JDBC URL [jdbc:postgresql://localhost:5432/knowledge_gap]
	Database driver: PostgreSQL JDBC Driver
	Database dialect: PostgreSQLDialect
	Database version: 17.10
	Default catalog/schema: knowledge_gap/public
	Autocommit mode: undefined/unknown
	Isolation level: READ_COMMITTED [default READ_COMMITTED]
	JDBC fetch size: none
	Pool: DataSourceConnectionProvider
	Minimum pool size: undefined/unknown
	Maximum pool size: undefined/unknown
2026-08-10T18:21:08.665+05:30  INFO 25156 --- [knowledge-gap-platform] [  restartedMain] org.hibernate.orm.core                   : HHH000489: No JTA platform available (set 'hibernate.transaction.jta.platform' to enable JTA platform integration)
2026-08-10T18:21:08.763+05:30  INFO 25156 --- [knowledge-gap-platform] [  restartedMain] j.LocalContainerEntityManagerFactoryBean : Initialized JPA EntityManagerFactory for persistence unit 'default'
2026-08-10T18:21:08.831+05:30  INFO 25156 --- [knowledge-gap-platform] [  restartedMain] o.s.d.j.r.query.QueryEnhancerFactories   : Hibernate is in classpath; If applicable, HQL parser will be used.
2026-08-10T18:21:09.705+05:30  INFO 25156 --- [knowledge-gap-platform] [  restartedMain] eAuthenticationProviderManagerConfigurer : Global AuthenticationManager configured with AuthenticationProvider bean with name authenticationProvider
2026-08-10T18:21:09.705+05:30  WARN 25156 --- [knowledge-gap-platform] [  restartedMain] r$InitializeUserDetailsManagerConfigurer : Global AuthenticationManager configured with an AuthenticationProvider bean. UserDetailsService beans will not be used by Spring Security for automatically configuring username/password login. Consider removing the AuthenticationProvider bean. Alternatively, consider using the UserDetailsService in a manually instantiated DaoAuthenticationProvider. If the current configuration is intentional, to turn off this warning, increase the logging level of 'org.springframework.security.config.annotation.authentication.configuration.InitializeUserDetailsBeanManagerConfigurer' to ERROR
2026-08-10T18:21:09.884+05:30  WARN 25156 --- [knowledge-gap-platform] [  restartedMain] JpaBaseConfiguration$JpaWebConfiguration : spring.jpa.open-in-view is enabled by default. Therefore, database queries may be performed during view rendering. Explicitly configure spring.jpa.open-in-view to disable this warning
2026-08-10T18:21:10.728+05:30  INFO 25156 --- [knowledge-gap-platform] [  restartedMain] o.s.boot.tomcat.TomcatWebServer          : Tomcat started on port 8088 (http) with context path '/'
2026-08-10T18:21:10.734+05:30  INFO 25156 --- [knowledge-gap-platform] [  restartedMain] c.t.k.KnowledgeGapPlatformApplication    : Started KnowledgeGapPlatformApplication in 6.971 seconds (process running for 7.482)
Hibernate: 
    select
        u1_0.id,
        u1_0.email,
        u1_0.full_name,
        u1_0.password,
        u1_0.role 
    from
        app_users u1_0
Hibernate: 
    select
        u1_0.id,
        u1_0.email,
        u1_0.full_name,
        u1_0.password,
        u1_0.role 
    from
        app_users u1_0 
    where
        u1_0.id=?
Hibernate: 
    update
        app_users 
    set
        email=?,
        full_name=?,
        password=?,
        role=? 
    where
        id=?
Hibernate: 
    select
        u1_0.id,
        u1_0.email,
        u1_0.full_name,
        u1_0.password,
        u1_0.role 
    from
        app_users u1_0 
    where
        u1_0.id=?
Hibernate: 
    update
        app_users 
    set
        email=?,
        full_name=?,
        password=?,
        role=? 
    where
        id=?
Hibernate: 
    select
        u1_0.id,
        u1_0.email,
        u1_0.full_name,
        u1_0.password,
        u1_0.role 
    from
        app_users u1_0 
    where
        u1_0.id=?
Hibernate: 
    update
        app_users 
    set
        email=?,
        full_name=?,
        password=?,
        role=? 
    where
        id=?
Hibernate: 
    select
        u1_0.id,
        u1_0.email,
        u1_0.full_name,
        u1_0.password,
        u1_0.role 
    from
        app_users u1_0 
    where
        u1_0.id=?
Hibernate: 
    update
        app_users 
    set
        email=?,
        full_name=?,
        password=?,
        role=? 
    where
        id=?
Hibernate: 
    select
        u1_0.id,
        u1_0.email,
        u1_0.full_name,
        u1_0.password,
        u1_0.role 
    from
        app_users u1_0 
    where
        u1_0.id=?
Hibernate: 
    update
        app_users 
    set
        email=?,
        full_name=?,
        password=?,
        role=? 
    where
        id=?
Hibernate: 
    select
        u1_0.id,
        u1_0.email,
        u1_0.full_name,
        u1_0.password,
        u1_0.role 
    from
        app_users u1_0 
    where
        u1_0.id=?
Hibernate: 
    update
        app_users 
    set
        email=?,
        full_name=?,
        password=?,
        role=? 
    where
        id=?
Hibernate: 
    select
        u1_0.id,
        u1_0.email,
        u1_0.full_name,
        u1_0.password,
        u1_0.role 
    from
        app_users u1_0 
    where
        u1_0.id=?
Hibernate: 
    update
        app_users 
    set
        email=?,
        full_name=?,
        password=?,
        role=? 
    where
        id=?
Hibernate: 
    select
        u1_0.id,
        u1_0.email,
        u1_0.full_name,
        u1_0.password,
        u1_0.role 
    from
        app_users u1_0 
    where
        u1_0.email=?
Hibernate: 
    select
        e1_0.id,
        e1_0.department,
        e1_0.email,
        e1_0.first_name,
        e1_0.job_role_id,
        e1_0.last_name,
        e1_0.phone_number,
        e1_0.role 
    from
        employee e1_0 
    where
        e1_0.email=?
Hibernate: 
    select
        s1_0.id,
        s1_0.category,
        s1_0.description,
        s1_0.level,
        s1_0.skill_name 
    from
        skill s1_0
Hibernate: 
    select
        s1_0.id,
        s1_0.category,
        s1_0.description,
        s1_0.level,
        s1_0.skill_name 
    from
        skill s1_0
Hibernate: 
    select
        s1_0.id,
        s1_0.category,
        s1_0.description,
        s1_0.level,
        s1_0.skill_name 
    from
        skill s1_0
Hibernate: 
    select
        es1_0.id,
        es1_0.employee_id,
        es1_0.proficiency_level,
        es1_0.skill_id 
    from
        employee_skill es1_0 
    where
        es1_0.employee_id=?
Hibernate: 
    select
        sg1_0.id,
        sg1_0.analyzed_at,
        sg1_0.current_proficiency,
        sg1_0.employee_id,
        sg1_0.gap_level,
        sg1_0.gap_score,
        sg1_0.job_role_id,
        sg1_0.required_proficiency,
        sg1_0.skill_id 
    from
        skill_gaps sg1_0 
    where
        sg1_0.employee_id=?
--- Employee 2 data setup completed (ID: 3) ---
2026-08-10T18:21:25.422+05:30  INFO 25156 --- [knowledge-gap-platform] [nio-8088-exec-1] o.a.c.c.C.[Tomcat].[localhost].[/]       : Initializing Spring DispatcherServlet 'dispatcherServlet'
2026-08-10T18:21:25.423+05:30  INFO 25156 --- [knowledge-gap-platform] [nio-8088-exec-1] o.s.web.servlet.DispatcherServlet        : Initializing Servlet 'dispatcherServlet'
2026-08-10T18:21:25.424+05:30  INFO 25156 --- [knowledge-gap-platform] [nio-8088-exec-1] o.s.web.servlet.DispatcherServlet        : Completed initialization in 1 ms
Hibernate: 
    select
        u1_0.id,
        u1_0.email,
        u1_0.full_name,
        u1_0.password,
        u1_0.role 
    from
        app_users u1_0 
    where
        u1_0.email=?
[INFO] ------------------------------------------------------------------------
[INFO] BUILD FAILURE
[INFO] ------------------------------------------------------------------------
[INFO] Total time:  04:55 min
[INFO] Finished at: 2026-08-10T18:25:56+05:30
[INFO] ------------------------------------------------------------------------
[ERROR] Failed to execute goal org.springframework.boot:spring-boot-maven-plugin:4.1.0:run (default-cli) on project knowledge_gap_platform: Process terminated with exit code: -1 -> [Help 1]
[ERROR] 
[ERROR] To see the full stack trace of the errors, re-run Maven with the -e switch.
[ERROR] Re-run Maven using the -X switch to enable full debug logging.
[ERROR] 
[ERROR] For more information about the errors and possible solutions, please read the following articles:
[ERROR] [Help 1] http://cwiki.apache.org/confluence/display/MAVEN/MojoExecutionException
